[mobius.studio/themes/MobNews/LTR/index.html]
[backblue.gif]
[fade.gif]
[index.html]
[img.mobius.studio/themes/MobNews/LTR/assets/img/favicons/apple-touch-icon.png]
[img.mobius.studio/themes/MobNews/LTR/assets/img/favicons/favicon-32x32.png]
[img.mobius.studio/themes/MobNews/LTR/assets/img/favicons/favicon-16x16.png]
[mobius.studio/themes/MobNews/LTR/manifest.json]
[img.mobius.studio/themes/MobNews/LTR/assets/img/splashScreens/apple-touch-startup-image-750x1294.png]
[img.mobius.studio/themes/MobNews/LTR/assets/img/splashScreens/apple-touch-startup-image-640x1096.png]
[maxcdn.bootstrapcdn.com/font-awesome/4.6.3/css/font-awesome.min.css]
[cdn.ampproject.org/v0/amp-install-serviceworker-0.1.js]
[cdn.ampproject.org/v0/amp-form-0.1.js]
[cdn.ampproject.org/v0/amp-image-lightbox-0.1.js]
[cdn.ampproject.org/v0/amp-carousel-0.1.js]
[cdn.ampproject.org/v0/amp-sidebar-0.1.js]
[cdn.ampproject.org/v0/amp-vimeo-0.1.js]
[cdn.ampproject.org/v0/amp-accordion-0.1.js]
[cdn.ampproject.org/v0.js]
[img.mobius.studio/themes/MobNews/LTR/assets/img/logo@2x.png]
[mobius.studio/themes/MobNews/LTR/contact.html]
[mobius.studio/themes/MobNews/LTR/news-detail-carousel-post.html]
[img.mobius.studio/themes/MobNews/LTR/assets/img/index_latest_news_2_54x54.jpg]
[img.mobius.studio/themes/MobNews/LTR/assets/img/index_latest_news_3_54x54.jpg]
[img.mobius.studio/themes/MobNews/LTR/assets/img/index_latest_news_4_54x54.jpg]
[img.mobius.studio/themes/MobNews/LTR/assets/img/index_most_read_1_320x180.jpg]
[img.mobius.studio/themes/MobNews/LTR/assets/img/index_most_read_2_320x180.jpg]
[img.mobius.studio/themes/MobNews/LTR/assets/img/index_most_read_3_320x180.jpg]
[img.mobius.studio/themes/MobNews/LTR/assets/img/index_most_read_4_320x180.jpg]
[img.mobius.studio/themes/MobNews/LTR/assets/img/index_most_read_5_320x180.jpg]
[img.mobius.studio/themes/MobNews/LTR/assets/img/index_most_read_6_320x180.jpg]
[mobius.studio/themes/MobNews/LTR/404.html]
[img.mobius.studio/themes/MobNews/LTR/assets/img/index_latest_vidoes_1_54x54.jpg]
[img.mobius.studio/themes/MobNews/LTR/assets/img/index_latest_vidoes_2_54x54.jpg]
[img.mobius.studio/themes/MobNews/LTR/assets/img/index_latest_vidoes_3_54x54.jpg]
[img.mobius.studio/themes/MobNews/LTR/assets/img/index_latest_vidoes_4_54x54.jpg]
[mobius.studio/themes/MobNews/LTR/news-detail-sample-post.html]
[img.mobius.studio/themes/MobNews/LTR/assets/img/index_carousel_news_1_125x220.jpg]
[img.mobius.studio/themes/MobNews/LTR/assets/img/index_carousel_news_2_125x220.jpg]
[img.mobius.studio/themes/MobNews/LTR/assets/img/index_carousel_news_3_125x220.jpg]
[img.mobius.studio/themes/MobNews/LTR/assets/img/index_carousel_news_4_125x220.jpg]
[img.mobius.studio/themes/MobNews/LTR/assets/img/gallery_grid_1_331x331.jpg]
[img.mobius.studio/themes/MobNews/LTR/assets/img/gallery_grid_2_331x331.jpg]
[img.mobius.studio/themes/MobNews/LTR/assets/img/gallery_grid_3_331x331.jpg]
[img.mobius.studio/themes/MobNews/LTR/assets/img/gallery_grid_4_331x331.jpg]
[img.mobius.studio/themes/MobNews/LTR/assets/img/gallery_grid_5_331x331.jpg]
[img.mobius.studio/themes/MobNews/LTR/assets/img/gallery_grid_6_331x331.jpg]
[img.mobius.studio/themes/MobNews/LTR/assets/img/gallery_grid_7_331x331.jpg]
[img.mobius.studio/themes/MobNews/LTR/assets/img/gallery_grid_8_331x331.jpg]
[img.mobius.studio/themes/MobNews/LTR/assets/img/gallery_grid_9_331x331.jpg]
[mobius.studio/themes/MobNews/LTR/about-us.html]
[mobius.studio/themes/MobNews/LTR/services.html]
[mobius.studio/themes/MobNews/LTR/news-detail-video-post.html]
[mobius.studio/themes/MobNews/LTR/news-detail-twitter-post.html]
[mobius.studio/themes/MobNews/LTR/feature-accordion.html]
[mobius.studio/themes/MobNews/LTR/feature-ad.html]
[mobius.studio/themes/MobNews/LTR/feature-anim.html]
[mobius.studio/themes/MobNews/LTR/feature-audio.html]
[mobius.studio/themes/MobNews/LTR/feature-news-post-carousel.html]
[mobius.studio/themes/MobNews/LTR/feature-brightcove.html]
[mobius.studio/themes/MobNews/LTR/feature-button.html]
[mobius.studio/themes/MobNews/LTR/feature-carousel.html]
[mobius.studio/themes/MobNews/LTR/feature-dailymotion.html]
[mobius.studio/themes/MobNews/LTR/feature-facebook.html]
[mobius.studio/themes/MobNews/LTR/feature-gallery-grid.html]
[mobius.studio/themes/MobNews/LTR/feature-grid.html]
[mobius.studio/themes/MobNews/LTR/feature-icons.html]
[mobius.studio/themes/MobNews/LTR/feature-icon-info-box.html]
[mobius.studio/themes/MobNews/LTR/feature-iframe.html]
[mobius.studio/themes/MobNews/LTR/feature-image.html]
[mobius.studio/themes/MobNews/LTR/feature-image-lightbox.html]
[mobius.studio/themes/MobNews/LTR/feature-instagram.html]
[mobius.studio/themes/MobNews/LTR/feature-lightbox.html]
[mobius.studio/themes/MobNews/LTR/offline.html]
[mobius.studio/themes/MobNews/LTR/feature-pinterest.html]
[mobius.studio/themes/MobNews/LTR/feature-table-responsive.html]
[mobius.studio/themes/MobNews/LTR/feature-social-share.html]
[mobius.studio/themes/MobNews/LTR/feature-soundcloud.html]
[mobius.studio/themes/MobNews/LTR/feature-twitter.html]
[mobius.studio/themes/MobNews/LTR/feature-user-notification.html]
[mobius.studio/themes/MobNews/LTR/feature-video.html]
[mobius.studio/themes/MobNews/LTR/feature-vimeo.html]
[mobius.studio/themes/MobNews/LTR/index.html]
[mobius.studio/themes/MobNews/LTR/feature-youtube.html]
[maxcdn.bootstrapcdn.com/font-awesome/4.6.3/css/font-awesome.min.css]
[cdn.ampproject.org/v0/amp-iframe-0.1.js]
[img.mobius.studio/themes/MobNews/LTR/assets/img/splashScreens/apple-touch-startup-image-1536x2008.png]
[img.mobius.studio/themes/MobNews/LTR/assets/img/splashScreens/apple-touch-startup-image-1242x2148.png]
[img.mobius.studio/themes/MobNews/LTR/assets/img/google_maps_512x512.png]
[mobius.studio/themes/MobNews/LTR/_contact_form.html]
[mobius.studio/themes/MobNews/LTR/contact.html]
[cdn.ampproject.org/v0/amp-social-share-0.1.js]
[img.mobius.studio/themes/MobNews/LTR/assets/img/blog_2_690x388.jpg]
[img.mobius.studio/themes/MobNews/LTR/assets/img/blog_3_690x388.jpg]
[mobius.studio/themes/MobNews/LTR/_comment_form.html]
[mobius.studio/themes/MobNews/LTR/news-detail-carousel-post.html]
[mobius.studio/themes/MobNews/LTR/404.html]
[img.mobius.studio/themes/MobNews/LTR/assets/img/index_latest_news_1_54x54.jpg]
[mobius.studio/themes/MobNews/LTR/news-category.html]
[img.mobius.studio/themes/MobNews/LTR/assets/img/blog_1_690x388.jpg]
[mobius.studio/themes/MobNews/LTR/news-detail-sample-post.html]
[img.mobius.studio/themes/MobNews/LTR/assets/img/aboutus_1_375x375.jpg]
[img.mobius.studio/themes/MobNews/LTR/assets/img/aboutus_2_375x375.jpg]
[img.mobius.studio/themes/MobNews/LTR/assets/img/aboutus_3_375x375.jpg]
[img.mobius.studio/themes/MobNews/LTR/assets/img/aboutus_4_375x375.jpg]
[img.mobius.studio/themes/MobNews/LTR/assets/img/aboutus_5_375x375.jpg]
[img.mobius.studio/themes/MobNews/LTR/assets/img/aboutus_6_375x375.jpg]
[img.mobius.studio/themes/MobNews/LTR/assets/img/aboutus_team_1_250x388.jpg]
[img.mobius.studio/themes/MobNews/LTR/assets/img/aboutus_team_2_250x388.jpg]
[img.mobius.studio/themes/MobNews/LTR/assets/img/aboutus_team_3_250x388.jpg]
[img.mobius.studio/themes/MobNews/LTR/assets/img/client_1_108x82.png]
[img.mobius.studio/themes/MobNews/LTR/assets/img/client_4_108x82.png]
[img.mobius.studio/themes/MobNews/LTR/assets/img/client_5_108x82.png]
[img.mobius.studio/themes/MobNews/LTR/assets/img/client_2_108x82.png]
[img.mobius.studio/themes/MobNews/LTR/assets/img/client_3_108x82.png]
[mobius.studio/themes/MobNews/LTR/about-us.html]
[img.mobius.studio/themes/MobNews/LTR/assets/img/services_340x340.jpg]
[mobius.studio/themes/MobNews/LTR/services.html]
[cdn.ampproject.org/v0/amp-youtube-0.1.js]
[mobius.studio/themes/MobNews/LTR/news-detail-video-post.html]
[cdn.ampproject.org/v0/amp-twitter-0.1.js]
[mobius.studio/themes/MobNews/LTR/news-detail-twitter-post.html]
[mobius.studio/themes/MobNews/LTR/feature-accordion.html]
[mobius.studio/themes/MobNews/LTR/feature-ad.html]
[cdn.ampproject.org/v0/amp-anim-0.1.js]
[img.mobius.studio/themes/MobNews/LTR/assets/img/gopher_245x300.png]
[mobius.studio/themes/MobNews/LTR/feature-anim.html]
[cdn.ampproject.org/v0/amp-audio-0.1.js]
[mobius.studio/themes/MobNews/LTR/feature-audio.html]
[mobius.studio/themes/MobNews/LTR/feature-news-post-carousel.html]
[cdn.ampproject.org/v0/amp-brightcove-0.1.js]
[mobius.studio/themes/MobNews/LTR/feature-brightcove.html]
[mobius.studio/themes/MobNews/LTR/feature-button.html]
[mobius.studio/themes/MobNews/LTR/feature-carousel.html]
[cdn.ampproject.org/v0/amp-dailymotion-0.1.js]
[mobius.studio/themes/MobNews/LTR/feature-dailymotion.html]
[cdn.ampproject.org/v0/amp-facebook-0.1.js]
[mobius.studio/themes/MobNews/LTR/feature-facebook.html]
[mobius.studio/themes/MobNews/LTR/feature-gallery-grid.html]
[mobius.studio/themes/MobNews/LTR/feature-grid.html]
[mobius.studio/themes/MobNews/LTR/feature-icons.html]
[mobius.studio/themes/MobNews/LTR/feature-icon-info-box.html]
[mobius.studio/themes/MobNews/LTR/feature-iframe.html]
[img.mobius.studio/themes/MobNews/LTR/assets/img/slide_1_690x388.jpg]
[mobius.studio/themes/MobNews/LTR/feature-image.html]
[mobius.studio/themes/MobNews/LTR/feature-image-lightbox.html]
[cdn.ampproject.org/v0/amp-instagram-0.1.js]
[mobius.studio/themes/MobNews/LTR/feature-instagram.html]
[cdn.ampproject.org/v0/amp-lightbox-0.1.js]
[mobius.studio/themes/MobNews/LTR/feature-lightbox.html]
[mobius.studio/themes/MobNews/LTR/offline.html]
[cdn.ampproject.org/v0/amp-pinterest-0.1.js]
[mobius.studio/themes/MobNews/LTR/feature-pinterest.html]
[mobius.studio/themes/MobNews/LTR/feature-table-responsive.html]
[mobius.studio/themes/MobNews/LTR/feature-social-share.html]
[cdn.ampproject.org/v0/amp-soundcloud-0.1.js]
[mobius.studio/themes/MobNews/LTR/feature-soundcloud.html]
[mobius.studio/themes/MobNews/LTR/feature-twitter.html]
[cdn.ampproject.org/v0/amp-user-notification-0.1.js]
[cdn.ampproject.org/v0/amp-analytics-0.1.js]
[mobius.studio/themes/MobNews/LTR/feature-user-notification.html]
[mobius.studio/themes/MobNews/LTR/assets/video/sample_video.mp4]
[img.mobius.studio/themes/MobNews/LTR/assets/img/big_buck_bunny_640x360.jpg]
[mobius.studio/themes/MobNews/LTR/assets/video/sample_video.webm]
[mobius.studio/themes/MobNews/LTR/feature-video.html]
[mobius.studio/themes/MobNews/LTR/feature-vimeo.html]
[mobius.studio/themes/MobNews/LTR/feature-youtube.html]
[mobius.studio/themes/MobNews/LTR/_contact_form.html]
[mobius.studio/themes/MobNews/LTR/_comment_form.html]
[mobius.studio/themes/MobNews/LTR/news-category.html]
